Kamu
Anda
Anda
Kamu
Kamu
Kamu
Anda
Kamu
Kamu
Anda
Kamu
Anda
Anda
Kamu
Kamu
Kamu
Kamu
Anda
Anda
Kamu
Anda
Kamu
Anda
Kamu
Kamu
Anda
Kamu
Anda
Anda
Anda
Kamu
Kamu
Anda
Kamu
Kamu
Anda
Kamu
Kamu
Kamu
Kamu
Anda
Kamu
Kamu
Anda
Anda
Anda
Anda
Anda
Anda
Anda
Kamu
Kamu
Kamu
Anda
Anda
Kamu
Anda
Kamu
Kamu
Kamu
Anda
Kamu
Kamu
Anda
Anda
Kamu
Anda
Anda
Anda
Anda
Anda
Anda
Anda
Kamu
Kamu
Kamu
Anda
Anda
Anda
Anda
Kamu
Kamu
Anda
Kamu
Anda
Kamu
Anda
Anda
Kamu
Kamu
Anda
Anda
Kamu
Kamu
Kamu
Anda
Kamu
Kamu
Anda
Anda
